Id_1,Id_2,TIME_PERIOD,OBS_VALUE
A,1,2020Q1,6512
B,1,2020Q2,4326
A,2,2021Q1,1828
B,2,2022Q2,2234
A,3,2023Q1,906
B,3,2023Q2,1648
A,4,2024Q1,874
B,4,2024Q2,3292
