Id_1,Id_2,TIME_PERIOD,OBS_VALUE
A,1,2020Q1,3256.0
B,1,2020Q2,2163.0
A,2,2021Q1,914.0
B,2,2022Q2,1117.0
A,3,2023Q1,453.0
B,3,2023Q2,824.0
A,4,2024Q1,437.0
B,4,2024Q2,1646.0
