Id_1,Id_2,TIME_PERIOD,OBS_VALUE,Me_r
A,1,2020Q1,3256.0,6212.0
B,1,2020Q2,2163.0,4026.0
A,2,2021Q1,914.0,1528.0
B,2,2022Q2,1117.0,1934.0
A,3,2023Q1,453.0,606.0
B,3,2023Q2,824.0,1348.0
A,4,2024Q1,437.0,574.0
B,4,2024Q2,1646.0,2992.0
